com/udemy/springbootseleniumqa/kelvin/aop/WindowAspect.class
com/udemy/springbootseleniumqa/repository/UserRepository.class
com/udemy/springbootseleniumqa/kelvin/annotation/LazyConfiguration.class
com/udemy/springbootseleniumqa/page/window/PageB.class
com/udemy/springbootseleniumqa/kelvin/annotation/PageFragment.class
com/udemy/springbootseleniumqa/kelvin/config/UtilConfig.class
com/udemy/springbootseleniumqa/kelvin/scope/BrowserScope.class
com/udemy/springbootseleniumqa/kelvin/scope/BrowserScopeConfig.class
com/udemy/springbootseleniumqa/SpringBootSeleniumQaApplication.class
com/udemy/springbootseleniumqa/page/visa/VisaRegistrationPage.class
com/udemy/springbootseleniumqa/kelvin/listener/AllureListener.class
com/udemy/springbootseleniumqa/entity/User.class
com/udemy/springbootseleniumqa/page/google/SearchResult.class
com/udemy/springbootseleniumqa/kelvin/scope/BrowserScopePostProcessor.class
com/udemy/springbootseleniumqa/page/google/GooglePage.class
com/udemy/springbootseleniumqa/page/Base.class
com/udemy/springbootseleniumqa/page/window/PageA.class
com/udemy/springbootseleniumqa/kelvin/annotation/TakeScreenshot.class
com/udemy/springbootseleniumqa/kelvin/annotation/Page.class
com/udemy/springbootseleniumqa/page/window/PageC.class
com/udemy/springbootseleniumqa/kelvin/service/WindowSwitchService.class
com/udemy/springbootseleniumqa/kelvin/annotation/ThreadScopeBean.class
com/udemy/springbootseleniumqa/page/google/SearchComponent.class
com/udemy/springbootseleniumqa/kelvin/config/WebDriverWaitConfig.class
com/udemy/springbootseleniumqa/kelvin/aop/ScreenshotAspect.class
com/udemy/springbootseleniumqa/page/flights/FlightPage.class
com/udemy/springbootseleniumqa/kelvin/annotation/LazyAutowired.class
com/udemy/springbootseleniumqa/page/window/MainPage.class
com/udemy/springbootseleniumqa/runner/CucumberRunner.class
com/udemy/springbootseleniumqa/kelvin/config/WebDriverConfig.class
com/udemy/springbootseleniumqa/kelvin/service/ScreenshotService.class
com/udemy/springbootseleniumqa/kelvin/config/RemoteWebDriverConfig.class
com/udemy/springbootseleniumqa/kelvin/annotation/Window.class
