/home/runner/work/spring-boot-selenium-qa/spring-boot-selenium-qa/src/main/java/com/udemy/springbootseleniumqa/page/window/PageB.java
/home/runner/work/spring-boot-selenium-qa/spring-boot-selenium-qa/src/main/java/com/udemy/springbootseleniumqa/page/flights/FlightPage.java
/home/runner/work/spring-boot-selenium-qa/spring-boot-selenium-qa/src/main/java/com/udemy/springbootseleniumqa/kelvin/config/WebDriverConfig.java
/home/runner/work/spring-boot-selenium-qa/spring-boot-selenium-qa/src/main/java/com/udemy/springbootseleniumqa/kelvin/annotation/Page.java
/home/runner/work/spring-boot-selenium-qa/spring-boot-selenium-qa/src/main/java/com/udemy/springbootseleniumqa/page/google/SearchComponent.java
/home/runner/work/spring-boot-selenium-qa/spring-boot-selenium-qa/src/main/java/com/udemy/springbootseleniumqa/page/window/MainPage.java
/home/runner/work/spring-boot-selenium-qa/spring-boot-selenium-qa/src/main/java/com/udemy/springbootseleniumqa/kelvin/scope/BrowserScope.java
/home/runner/work/spring-boot-selenium-qa/spring-boot-selenium-qa/src/main/java/com/udemy/springbootseleniumqa/kelvin/annotation/LazyConfiguration.java
/home/runner/work/spring-boot-selenium-qa/spring-boot-selenium-qa/src/main/java/com/udemy/springbootseleniumqa/page/window/PageC.java
/home/runner/work/spring-boot-selenium-qa/spring-boot-selenium-qa/src/main/java/com/udemy/springbootseleniumqa/kelvin/annotation/TakeScreenshot.java
/home/runner/work/spring-boot-selenium-qa/spring-boot-selenium-qa/src/main/java/com/udemy/springbootseleniumqa/kelvin/service/ScreenshotService.java
/home/runner/work/spring-boot-selenium-qa/spring-boot-selenium-qa/src/main/java/com/udemy/springbootseleniumqa/page/Base.java
/home/runner/work/spring-boot-selenium-qa/spring-boot-selenium-qa/src/main/java/com/udemy/springbootseleniumqa/kelvin/scope/BrowserScopePostProcessor.java
/home/runner/work/spring-boot-selenium-qa/spring-boot-selenium-qa/src/main/java/com/udemy/springbootseleniumqa/kelvin/aop/WindowAspect.java
/home/runner/work/spring-boot-selenium-qa/spring-boot-selenium-qa/src/main/java/com/udemy/springbootseleniumqa/kelvin/annotation/LazyAutowired.java
/home/runner/work/spring-boot-selenium-qa/spring-boot-selenium-qa/src/main/java/com/udemy/springbootseleniumqa/SpringBootSeleniumQaApplication.java
/home/runner/work/spring-boot-selenium-qa/spring-boot-selenium-qa/src/main/java/com/udemy/springbootseleniumqa/kelvin/service/WindowSwitchService.java
/home/runner/work/spring-boot-selenium-qa/spring-boot-selenium-qa/src/main/java/com/udemy/springbootseleniumqa/repository/UserRepository.java
/home/runner/work/spring-boot-selenium-qa/spring-boot-selenium-qa/src/main/java/com/udemy/springbootseleniumqa/kelvin/annotation/Window.java
/home/runner/work/spring-boot-selenium-qa/spring-boot-selenium-qa/src/main/java/com/udemy/springbootseleniumqa/page/google/GooglePage.java
/home/runner/work/spring-boot-selenium-qa/spring-boot-selenium-qa/src/main/java/com/udemy/springbootseleniumqa/kelvin/config/UtilConfig.java
/home/runner/work/spring-boot-selenium-qa/spring-boot-selenium-qa/src/main/java/com/udemy/springbootseleniumqa/runner/CucumberRunner.java
/home/runner/work/spring-boot-selenium-qa/spring-boot-selenium-qa/src/main/java/com/udemy/springbootseleniumqa/entity/User.java
/home/runner/work/spring-boot-selenium-qa/spring-boot-selenium-qa/src/main/java/com/udemy/springbootseleniumqa/page/visa/VisaRegistrationPage.java
/home/runner/work/spring-boot-selenium-qa/spring-boot-selenium-qa/src/main/java/com/udemy/springbootseleniumqa/kelvin/scope/BrowserScopeConfig.java
/home/runner/work/spring-boot-selenium-qa/spring-boot-selenium-qa/src/main/java/com/udemy/springbootseleniumqa/kelvin/config/RemoteWebDriverConfig.java
/home/runner/work/spring-boot-selenium-qa/spring-boot-selenium-qa/src/main/java/com/udemy/springbootseleniumqa/kelvin/annotation/ThreadScopeBean.java
/home/runner/work/spring-boot-selenium-qa/spring-boot-selenium-qa/src/main/java/com/udemy/springbootseleniumqa/kelvin/aop/ScreenshotAspect.java
/home/runner/work/spring-boot-selenium-qa/spring-boot-selenium-qa/src/main/java/com/udemy/springbootseleniumqa/kelvin/listener/AllureListener.java
/home/runner/work/spring-boot-selenium-qa/spring-boot-selenium-qa/src/main/java/com/udemy/springbootseleniumqa/page/window/PageA.java
/home/runner/work/spring-boot-selenium-qa/spring-boot-selenium-qa/src/main/java/com/udemy/springbootseleniumqa/page/google/SearchResult.java
/home/runner/work/spring-boot-selenium-qa/spring-boot-selenium-qa/src/main/java/com/udemy/springbootseleniumqa/kelvin/config/WebDriverWaitConfig.java
/home/runner/work/spring-boot-selenium-qa/spring-boot-selenium-qa/src/main/java/com/udemy/springbootseleniumqa/kelvin/annotation/PageFragment.java
