com/udemy/springbootseleniumqa/flights/IdTest.class
com/udemy/springbootseleniumqa/scope/JuniorSeniorTest.class
com/udemy/springbootseleniumqa/flights/FlightTest.class
com/udemy/springbootseleniumqa/visa/UserVisaTest.class
com/udemy/springbootseleniumqa/SpringBootSeleniumQaApplicationTests.class
com/udemy/springbootseleniumqa/SpringBaseTestNGTest.class
com/udemy/springbootseleniumqa/scope/Salary.class
com/udemy/springbootseleniumqa/props/googletest/Google1Test.class
com/udemy/springbootseleniumqa/props/PropsTest.class
com/udemy/springbootseleniumqa/scope/JuniorEngineer.class
com/udemy/springbootseleniumqa/flights/FlightAppDetails.class
com/udemy/springbootseleniumqa/scope/SeniorEngineer.class
com/udemy/springbootseleniumqa/bdd/CucumberHooks.class
com/udemy/springbootseleniumqa/resource/ResourceTest.class
com/udemy/springbootseleniumqa/flights/EnTest.class
com/udemy/springbootseleniumqa/bdd/VisaSteps.class
com/udemy/springbootseleniumqa/window/WindowSwitchTest.class
com/udemy/springbootseleniumqa/props/googletest/Google2Test.class
com/udemy/springbootseleniumqa/bdd/GoogleSteps.class
