/home/runner/work/spring-boot-selenium-qa/spring-boot-selenium-qa/src/test/java/com/udemy/springbootseleniumqa/bdd/CucumberHooks.java
/home/runner/work/spring-boot-selenium-qa/spring-boot-selenium-qa/src/test/java/com/udemy/springbootseleniumqa/flights/EnTest.java
/home/runner/work/spring-boot-selenium-qa/spring-boot-selenium-qa/src/test/java/com/udemy/springbootseleniumqa/props/googletest/Google1Test.java
/home/runner/work/spring-boot-selenium-qa/spring-boot-selenium-qa/src/test/java/com/udemy/springbootseleniumqa/flights/FlightTest.java
/home/runner/work/spring-boot-selenium-qa/spring-boot-selenium-qa/src/test/java/com/udemy/springbootseleniumqa/resource/ResourceTest.java
/home/runner/work/spring-boot-selenium-qa/spring-boot-selenium-qa/src/test/java/com/udemy/springbootseleniumqa/flights/IdTest.java
/home/runner/work/spring-boot-selenium-qa/spring-boot-selenium-qa/src/test/java/com/udemy/springbootseleniumqa/SpringBaseTestNGTest.java
/home/runner/work/spring-boot-selenium-qa/spring-boot-selenium-qa/src/test/java/com/udemy/springbootseleniumqa/bdd/VisaSteps.java
/home/runner/work/spring-boot-selenium-qa/spring-boot-selenium-qa/src/test/java/com/udemy/springbootseleniumqa/props/googletest/Google2Test.java
/home/runner/work/spring-boot-selenium-qa/spring-boot-selenium-qa/src/test/java/com/udemy/springbootseleniumqa/scope/Salary.java
/home/runner/work/spring-boot-selenium-qa/spring-boot-selenium-qa/src/test/java/com/udemy/springbootseleniumqa/visa/UserVisaTest.java
/home/runner/work/spring-boot-selenium-qa/spring-boot-selenium-qa/src/test/java/com/udemy/springbootseleniumqa/scope/JuniorEngineer.java
/home/runner/work/spring-boot-selenium-qa/spring-boot-selenium-qa/src/test/java/com/udemy/springbootseleniumqa/window/WindowSwitchTest.java
/home/runner/work/spring-boot-selenium-qa/spring-boot-selenium-qa/src/test/java/com/udemy/springbootseleniumqa/bdd/GoogleSteps.java
/home/runner/work/spring-boot-selenium-qa/spring-boot-selenium-qa/src/test/java/com/udemy/springbootseleniumqa/props/PropsTest.java
/home/runner/work/spring-boot-selenium-qa/spring-boot-selenium-qa/src/test/java/com/udemy/springbootseleniumqa/flights/FlightAppDetails.java
/home/runner/work/spring-boot-selenium-qa/spring-boot-selenium-qa/src/test/java/com/udemy/springbootseleniumqa/scope/JuniorSeniorTest.java
/home/runner/work/spring-boot-selenium-qa/spring-boot-selenium-qa/src/test/java/com/udemy/springbootseleniumqa/SpringBootSeleniumQaApplicationTests.java
/home/runner/work/spring-boot-selenium-qa/spring-boot-selenium-qa/src/test/java/com/udemy/springbootseleniumqa/scope/SeniorEngineer.java
